// Jest Snapshot v1, https://goo.gl/fbAQLP

exports[`SQLite 1 unapplied migration (folder) 4`] = `[]`;

exports[`SQLite 1 unapplied migration (folder) 5`] = `""`;

exports[`SQLite 1 unapplied migration 4`] = `[]`;

exports[`SQLite 1 unapplied migration 5`] = `""`;

exports[`SQLite no unapplied migrations 3`] = `[]`;

exports[`SQLite no unapplied migrations 4`] = `""`;

exports[`SQLite should throw if database is not empty 3`] = `[]`;

exports[`SQLite should throw if database is not empty 4`] = `""`;
